........................................................................ [ 12%]
......................ssssssss.......................................... [ 25%]
.......s................................................................ [ 37%]
........................................................................ [ 50%]
........................................................................ [ 63%]
..............xx........................................................ [ 75%]
........................................................................ [ 88%]
...................................................F...............      [100%]
=================================== FAILURES ===================================
_____________________________ test_cors_middleware _____________________________

    def test_cors_middleware():
        """Test that CORS middleware is applied and returns correct headers."""
        from app.main import app
        client = TestClient(app)
        response = client.options("/health", headers={
            "Origin": "http://localhost:3000",
            "Access-Control-Request-Method": "GET"
        })
>       assert response.status_code == 200
E       assert 400 == 200
E        +  where 400 = <Response [400 Bad Request]>.status_code

tests/test_main.py:69: AssertionError
=============================== warnings summary ===============================
../home/jules/.pyenv/versions/3.12.13/lib/python3.12/site-packages/fastapi/testclient.py:1
  /home/jules/.pyenv/versions/3.12.13/lib/python3.12/site-packages/fastapi/testclient.py:1: StarletteDeprecationWarning: Using `httpx` with `starlette.testclient` is deprecated; install `httpx2` instead.
    from starlette.testclient import TestClient as TestClient  # noqa

app/core/config.py:445
  /app/app/core/config.py:445: UserWarning: WEBHOOK_SECRET is not set. Webhook endpoint will accept unauthenticated requests.
    warnings.warn("WEBHOOK_SECRET is not set. Webhook endpoint will accept unauthenticated requests.")

app/main.py:217
  /app/app/main.py:217: DeprecationWarning:
          on_event is deprecated, use lifespan event handlers instead.

          Read more about it in the
          [FastAPI docs for Lifespan Events](https://fastapi.tiangolo.com/advanced/events/).

    @app.on_event("startup")

../home/jules/.pyenv/versions/3.12.13/lib/python3.12/site-packages/fastapi/applications.py:4681
../home/jules/.pyenv/versions/3.12.13/lib/python3.12/site-packages/fastapi/applications.py:4681
  /home/jules/.pyenv/versions/3.12.13/lib/python3.12/site-packages/fastapi/applications.py:4681: DeprecationWarning:
          on_event is deprecated, use lifespan event handlers instead.

          Read more about it in the
          [FastAPI docs for Lifespan Events](https://fastapi.tiangolo.com/advanced/events/).

    return self.router.on_event(event_type)  # ty: ignore[deprecated]

app/main.py:238
  /app/app/main.py:238: DeprecationWarning:
          on_event is deprecated, use lifespan event handlers instead.

          Read more about it in the
          [FastAPI docs for Lifespan Events](https://fastapi.tiangolo.com/advanced/events/).

    @app.on_event("shutdown")

tests/api/test_academy_policy_backtesting.py: 18 warnings
  /home/jules/.pyenv/versions/3.12.13/lib/python3.12/site-packages/vectorbt/utils/datetime_.py:23: FutureWarning: 'T' is deprecated and will be removed in a future version. Please use 'min' instead of 'T'.
    return pd.Timedelta(arg)

tests/api/test_multi_symbol_parallel.py: 3 warnings
tests/api/test_webhook_signal.py: 8 warnings
tests/api/test_webhook_to_paper.py: 1 warning
  /home/jules/.pyenv/versions/3.12.13/lib/python3.12/site-packages/httpx/_models.py:408: DeprecationWarning: Use 'content=<...>' to upload raw bytes/text content.
    headers, stream = encode_request(

-- Docs: https://docs.pytest.org/en/stable/how-to/capture-warnings.html
=========================== short test summary info ============================
FAILED tests/test_main.py::test_cors_middleware - assert 400 == 200
1 failed, 559 passed, 9 skipped, 119 deselected, 2 xfailed, 36 warnings in 44.75s
